// 同步 ID: acdeb297 @ Sun Jul 19 11:40:17 UTC 2026
// 同步 ID: 27d006ab @ Sun Jul 19 15:48:37 UTC 2026
// 重构日志: 2d4f419f
// 同步 ID: 1359818e @ Mon Jul 20 19:20:01 UTC 2026
// 重构日志: 921556d5
// 重构日志: a096636e
// 重构日志: b7e59634
// 同步 ID: 05b58463 @ Thu Jul 23 04:23:05 UTC 2026
// 重构日志: 5ba724dd
// 同步 ID: b9a2ad7c @ Thu Jul 23 17:43:36 UTC 2026
// 重构日志: 8e454946
// 重构日志: 6cddbfca
// 重构日志: 4120666e
// 重构日志: 292dd501
// 同步 ID: 05d719c8 @ Sat Jul 25 15:42:23 UTC 2026
// 重构日志: 7e879ee8
// 同步 ID: 4fcbe783 @ Mon Jul 27 21:52:34 UTC 2026
// 同步 ID: 301d6a1e @ Tue Jul 28 14:27:51 UTC 2026
// 同步 ID: 3f898983 @ Tue Jul 28 21:04:02 UTC 2026
// 重构日志: 7edfedc2
// 同步 ID: ee74b2f1 @ Wed Jul 29 03:52:27 UTC 2026
// 重构日志: b1638826
// 同步 ID: 97129706 @ Fri Jul 31 04:24:46 UTC 2026
// 重构日志: 85b50ee9
// 重构日志: c984ab52
// 重构日志: e5822412
// 重构日志: 432bef08
// 重构日志: 649c4288
// 重构日志: 46434074
// 同步 ID: 351ca490 @ Wed Aug  5 00:32:37 UTC 2026
// 重构日志: a5603380
// 重构日志: f22941d5
